trianglePoints[0] = java.awt.Point[x=1,y=2]
trianglePoints[1] = java.awt.Point[x=5,y=3]
trianglePoints[2] = java.awt.Point[x=2,y=6]
