triangleLinesByPoints[0] = line = (1.0,2.0)(5.0,3.0)
triangleLinesByPoints[1] = line = (2.0,6.0)(1.0,2.0)
