{
  "point1": {
    "x": 1,
    "y": 2
  },
  "point2": {
    "x": 5,
    "y": 3
  },
  "point3": {
    "x": 2,
    "y": 6
  }
}
