triangleLines[0] = line = (1.0,2.0)(5.0,3.0)
triangleLines[1] = line = (5.0,3.0)(2.0,6.0)
triangleLines[2] = line = (2.0,6.0)(1.0,2.0)
